
> client-2@0.1.0 build
> next build --turbopack

 ⚠ Invalid next.config.ts options detected: 
 ⚠     Unrecognized key(s) in object: 'turbopack' at "experimental"
 ⚠ See more info here: https://nextjs.org/docs/messages/invalid-next-config
 ⚠ Warning: Next.js inferred your workspace root, but it may not be correct.
 We detected multiple lockfiles and selected the directory of c:\Users\jimso\package-lock.json as the root directory.
 To silence this warning, set `turbopack.root` in your Next.js config, or consider removing one of the lockfiles if it's not needed.
   See https://nextjs.org/docs/app/api-reference/config/next-config-js/turbopack#root-directory for more information.
 Detected additional lockfiles: 
   * c:\Users\jimso\Desktop\AutoStyles v3\AutoStyles\package-lock.json
   * c:\Users\jimso\Desktop\package-lock.json

   ▲ Next.js 15.5.4 (Turbopack)
   - Environments: .env
   - Experiments (use with caution):
     · turbopack

   Creating an optimized production build ...
 ✓ Finished writing to disk in 141ms
 ✓ Compiled successfully in 15.1s
   Linting and checking validity of types ...
